// Jest Snapshot v1, https://goo.gl/fbAQLP

exports[`<Connection /> renders Connection by default 1`] = `<Connection />`;
