// Jest Snapshot v1, https://goo.gl/fbAQLP

exports[`<NavBar /> renders UI as expected 1`] = `
<header
  className="sc-AxirZ cMwKkI"
/>
`;
