// Jest Snapshot v1, https://goo.gl/fbAQLP

exports[`<Connections /> renders Connections by default 1`] = `<Connections />`;
