// Jest Snapshot v1, https://goo.gl/fbAQLP

exports[`<Dashboard /> renders Dashboard by default 1`] = `<Dashboard />`;
